// Jest Snapshot v1, https://goo.gl/fbAQLP

exports[`src/components/icon render should render without errors 1`] = `
Object {
  "asFragment": [Function],
  "baseElement": <body>
    <div>
      <svg
        role="presentation"
        viewBox="0 0 32 32"
      >
        <path
          d="M24.091 11.698c0.013 0.186 0.013 0.373 0.013 0.557 0 5.665-4.311 12.191-12.191 12.191-0.009 0-0.020 0-0.031 0-2.433 0-4.698-0.717-6.595-1.952l0.047 0.029c0.292 0.034 0.63 0.054 0.973 0.054 0.022 0 0.043-0 0.065-0l-0.003 0c0.007 0 0.014 0 0.022 0 2.007 0 3.854-0.689 5.315-1.844l-0.018 0.014c-1.868-0.035-3.441-1.257-3.999-2.941l-0.009-0.030c0.242 0.040 0.522 0.064 0.807 0.066h0.002c0.401-0.001 0.79-0.055 1.159-0.153l-0.032 0.007c-1.974-0.41-3.436-2.134-3.436-4.2 0-0.002 0-0.004 0-0.005v0-0.053c0.558 0.317 1.221 0.516 1.928 0.544l0.008 0c-1.158-0.781-1.909-2.087-1.909-3.569 0-0.796 0.217-1.542 0.595-2.181l-0.011 0.020c2.123 2.598 5.263 4.297 8.804 4.482l0.030 0.001c-0.066-0.294-0.105-0.633-0.107-0.98v-0.002c0.003-2.367 1.922-4.284 4.289-4.284 1.231 0 2.34 0.518 3.122 1.348l0.002 0.002c1.025-0.201 1.937-0.561 2.758-1.056l-0.038 0.021c-0.332 1.007-0.998 1.828-1.864 2.35l-0.019 0.011c0.915-0.105 1.75-0.338 2.525-0.682l-0.055 0.022c-0.598 0.863-1.309 1.596-2.124 2.198l-0.025 0.018z"
          fill="var(--light, #ffffff)"
        />
      </svg>
    </div>
  </body>,
  "container": <div>
    <svg
      role="presentation"
      viewBox="0 0 32 32"
    >
      <path
        d="M24.091 11.698c0.013 0.186 0.013 0.373 0.013 0.557 0 5.665-4.311 12.191-12.191 12.191-0.009 0-0.020 0-0.031 0-2.433 0-4.698-0.717-6.595-1.952l0.047 0.029c0.292 0.034 0.63 0.054 0.973 0.054 0.022 0 0.043-0 0.065-0l-0.003 0c0.007 0 0.014 0 0.022 0 2.007 0 3.854-0.689 5.315-1.844l-0.018 0.014c-1.868-0.035-3.441-1.257-3.999-2.941l-0.009-0.030c0.242 0.040 0.522 0.064 0.807 0.066h0.002c0.401-0.001 0.79-0.055 1.159-0.153l-0.032 0.007c-1.974-0.41-3.436-2.134-3.436-4.2 0-0.002 0-0.004 0-0.005v0-0.053c0.558 0.317 1.221 0.516 1.928 0.544l0.008 0c-1.158-0.781-1.909-2.087-1.909-3.569 0-0.796 0.217-1.542 0.595-2.181l-0.011 0.020c2.123 2.598 5.263 4.297 8.804 4.482l0.030 0.001c-0.066-0.294-0.105-0.633-0.107-0.98v-0.002c0.003-2.367 1.922-4.284 4.289-4.284 1.231 0 2.34 0.518 3.122 1.348l0.002 0.002c1.025-0.201 1.937-0.561 2.758-1.056l-0.038 0.021c-0.332 1.007-0.998 1.828-1.864 2.35l-0.019 0.011c0.915-0.105 1.75-0.338 2.525-0.682l-0.055 0.022c-0.598 0.863-1.309 1.596-2.124 2.198l-0.025 0.018z"
        fill="var(--light, #ffffff)"
      />
    </svg>
  </div>,
  "debug": [Function],
  "findAllByAltText": [Function],
  "findAllByDisplayValue": [Function],
  "findAllByLabelText": [Function],
  "findAllByPlaceholderText": [Function],
  "findAllByRole": [Function],
  "findAllByTestId": [Function],
  "findAllByText": [Function],
  "findAllByTitle": [Function],
  "findByAltText": [Function],
  "findByDisplayValue": [Function],
  "findByLabelText": [Function],
  "findByPlaceholderText": [Function],
  "findByRole": [Function],
  "findByTestId": [Function],
  "findByText": [Function],
  "findByTitle": [Function],
  "getAllByAltText": [Function],
  "getAllByDisplayValue": [Function],
  "getAllByLabelText": [Function],
  "getAllByPlaceholderText": [Function],
  "getAllByRole": [Function],
  "getAllByTestId": [Function],
  "getAllByText": [Function],
  "getAllByTitle": [Function],
  "getByAltText": [Function],
  "getByDisplayValue": [Function],
  "getByLabelText": [Function],
  "getByPlaceholderText": [Function],
  "getByRole": [Function],
  "getByTestId": [Function],
  "getByText": [Function],
  "getByTitle": [Function],
  "queryAllByAltText": [Function],
  "queryAllByDisplayValue": [Function],
  "queryAllByLabelText": [Function],
  "queryAllByPlaceholderText": [Function],
  "queryAllByRole": [Function],
  "queryAllByTestId": [Function],
  "queryAllByText": [Function],
  "queryAllByTitle": [Function],
  "queryByAltText": [Function],
  "queryByDisplayValue": [Function],
  "queryByLabelText": [Function],
  "queryByPlaceholderText": [Function],
  "queryByRole": [Function],
  "queryByTestId": [Function],
  "queryByText": [Function],
  "queryByTitle": [Function],
  "rerender": [Function],
  "unmount": [Function],
}
`;
